C51 COMPILER V9.53.0.0   GPS_CHECK                                                         07/08/2018 13:08:45 PAGE 1   


C51 COMPILER V9.53.0.0, COMPILATION OF MODULE GPS_CHECK
OBJECT MODULE PLACED IN .\GPS_check.obj
COMPILER INVOKED BY: C:\Keil_v5\C51\BIN\C51.EXE ..\GPS_KielCode\GPS_check.c OPTIMIZE(8,SPEED) BROWSE DEBUG OBJECTEXTEND 
                    -PRINT(.\GPS_check.lst) TABS(2) OBJECT(.\GPS_check.obj)

line level    source

   1          # include<reg51.h>
   2          sbit a= P3^7;
   3          unsigned char z[9]="soumendra";
   4          unsigned int x=0,y=0;
   5          
   6          void timer0  () interrupt 1
   7          {
   8   1        x++;
   9   1        if(x<3600)
  10   1        {
  11   2          TH0=0;
  12   2          TL0=0;
  13   2          return ;
  14   2        }
  15   1        else
  16   1        {
  17   2          a=~a;
  18   2          TH0=0;
  19   2          TL0=0;
  20   2          x=0;
  21   2          return;
  22   2        }
  23   1      }
  24          
  25          void serial () interrupt 4
  26          {
  27   1        TI=0;
  28   1        if(y>9)
  29   1        {
  30   2          return;
  31   2          }
  32   1        else
  33   1        {
  34   2        SBUF=z[y];  
  35   2        y++;
  36   2         return;
  37   2        }
  38   1      }
  39          
  40          void main()
  41          {
  42   1        TMOD=0x20;
  43   1        TH0=0;
  44   1        TL0=0;
  45   1        SCON=0x50;
  46   1        IE=0x92;
  47   1        TH1=0xFD;
  48   1        TR0=1;
  49   1        TR1=1;
  50   1        SBUF=' ';
  51   1        while(1)
  52   1        {
  53   2          P0=P1 ^ P2;
  54   2        }
C51 COMPILER V9.53.0.0   GPS_CHECK                                                         07/08/2018 13:08:45 PAGE 2   

  55   1        }


MODULE INFORMATION:   STATIC OVERLAYABLE
   CODE SIZE        =    127    ----
   CONSTANT SIZE    =   ----    ----
   XDATA SIZE       =   ----    ----
   PDATA SIZE       =   ----    ----
   DATA SIZE        =     13    ----
   IDATA SIZE       =   ----    ----
   BIT SIZE         =   ----    ----
END OF MODULE INFORMATION.


C51 COMPILATION COMPLETE.  0 WARNING(S),  0 ERROR(S)
