A51 MACRO ASSEMBLER  PSWCODE2                                                             06/25/2018 11:52:49 PAGE     1


MACRO ASSEMBLER A51 V8.02b
OBJECT MODULE PLACED IN .\PSWcode2.obj
ASSEMBLER INVOKED BY: C:\Keil_v5\C51\BIN\A51.EXE ..\PSWCode\PSWcode2.asm SET(SMALL) DEBUG PRINT(.\PSWcode2.lst) OBJECT(.
                      \PSWcode2.obj) EP

LOC  OBJ            LINE     SOURCE

0000                   1     org 00h
                       2             
0000 C2D3              3             clr psw.3
0002 C2D4              4             clr psw.4
0004 7B0C              5             mov r3,#12
0006 2B                6             add a,r3
                       7             
0007 D2D3              8             setb psw.3
0009 C2D4              9             clr psw.4
000B 7D0E             10             mov r5,#14
000D 2D               11             add a,r5
                      12             
000E C2D3             13             clr psw.3
0010 D2D4             14             setb psw.4
0012 7816             15             mov r0,#16h
0014 28               16             add a,r0
                      17             
0015 D2D3             18             setb psw.3
0017 D2D4             19             setb psw.4
0019 7F20             20             mov r7,#20h
001B 2F               21             add a,r7
                      22             
001C F5F0             23             mov b,a
                      24             
                      25     end
A51 MACRO ASSEMBLER  PSWCODE2                                                             06/25/2018 11:52:49 PAGE     2

SYMBOL TABLE LISTING
------ ----- -------


N A M E             T Y P E  V A L U E   ATTRIBUTES

B. . . . . . . . .  D ADDR   00F0H   A   
PSW. . . . . . . .  D ADDR   00D0H   A   


REGISTER BANK(S) USED: 0 


ASSEMBLY COMPLETE.  0 WARNING(S), 0 ERROR(S)
